// Jest Snapshot v1, https://goo.gl/fbAQLP

exports[`Nav settings Component should have the right nav settings component snapshot 1`] = `null`;
