// Jest Snapshot v1, https://goo.gl/fbAQLP

exports[`Top users content section Component should have the right top users content section component snapshot 1`] = `null`;
