// Jest Snapshot v1, https://goo.gl/fbAQLP

exports[`Memory Component should have the right memory component snapshot 1`] = `null`;
