// Jest Snapshot v1, https://goo.gl/fbAQLP

exports[`Units by State content section Component should have the right units by state content section component snapshot 1`] = `null`;
