// Jest Snapshot v1, https://goo.gl/fbAQLP

exports[`Monitor Component should have the right monitor component snapshot 1`] = `null`;
