// Jest Snapshot v1, https://goo.gl/fbAQLP

exports[`Statistics Component should have the right statistics component snapshot 1`] = `null`;
