// Jest Snapshot v1, https://goo.gl/fbAQLP

exports[`Integrity section Component should have the right integrity section component snapshot 1`] = `null`;
