// Jest Snapshot v1, https://goo.gl/fbAQLP

exports[`Chart Section Component should have the right chart section component snapshot 1`] = `null`;
