// Jest Snapshot v1, https://goo.gl/fbAQLP

exports[`Settings Component should have the right settings component snapshot 1`] = `null`;
