// Jest Snapshot v1, https://goo.gl/fbAQLP

exports[`Units by State empty section Component should have the right units by state empty section component snapshot 1`] = `null`;
