// Jest Snapshot v1, https://goo.gl/fbAQLP

exports[`Filter Section Statistics Component should have the right filter section statistics component snapshot 1`] = `null`;
