// Jest Snapshot v1, https://goo.gl/fbAQLP

exports[`Sub Processor Component should have the right sub processor component snapshot 1`] = `null`;
