// Jest Snapshot v1, https://goo.gl/fbAQLP

exports[`Settings form Component should have the right units by settings form component snapshot 1`] = `null`;
