// Jest Snapshot v1, https://goo.gl/fbAQLP

exports[`Table rows section Component should have the right table rows component snapshot 1`] = `null`;
