// Jest Snapshot v1, https://goo.gl/fbAQLP

exports[`Table rows parts section Component should have the right table rows parts component snapshot 1`] = `null`;
