// Jest Snapshot v1, https://goo.gl/fbAQLP

exports[`Top users Component should have the right top users component snapshot 1`] = `null`;
