// Jest Snapshot v1, https://goo.gl/fbAQLP

exports[`Navigation bar Component should have the right navigation bar component snapshot 1`] = `null`;
