// Jest Snapshot v1, https://goo.gl/fbAQLP

exports[`Computer Component should have the right computer component snapshot 1`] = `null`;
