// Jest Snapshot v1, https://goo.gl/fbAQLP

exports[`Units by state Component should have the right units by state component snapshot 1`] = `null`;
