// Jest Snapshot v1, https://goo.gl/fbAQLP

exports[`Processor Component should have the right processor component snapshot 1`] = `null`;
