// Jest Snapshot v1, https://goo.gl/fbAQLP

exports[`Integrity Component should have the right integrity component snapshot 1`] = `null`;
