// Jest Snapshot v1, https://goo.gl/fbAQLP

exports[`Hard disk Component should have the right hard disk component snapshot 1`] = `null`;
