// Jest Snapshot v1, https://goo.gl/fbAQLP

exports[`Filter Section Units Component should have the right filter section units component snapshot 1`] = `null`;
